// 同步 ID: 52395ddc @ Sun Jul 19 12:12:29 UTC 2026
// 重构日志: fbf71fd2
// 同步 ID: 6528499b @ Fri Jul 24 21:40:36 UTC 2026
// 重构日志: 483f7a27
// 重构日志: 8b77fbca
// 重构日志: 545cabc2
// 同步 ID: 652dc787 @ Sat Aug  1 06:02:41 UTC 2026
// 重构日志: 48d97cd9
// 重构日志: f037ba50
// 同步 ID: e1c29854 @ Sun Aug  2 08:38:55 UTC 2026
// 重构日志: 04bc76b9
// 重构日志: 9be4896d
// 重构日志: ef065174
// 同步 ID: 72134309 @ Mon Aug  3 09:39:27 UTC 2026
// 同步 ID: 9a27c315 @ Mon Aug  3 15:51:10 UTC 2026
// 重构日志: 88e334af
// 重构日志: bb898b00
// 重构日志: 8c8ec161
// 同步 ID: f89b68e3 @ Tue Aug  4 16:12:34 UTC 2026
// 重构日志: a78db397
// 同步 ID: 9402c198 @ Wed Aug  5 12:05:37 UTC 2026
// 重构日志: cc4979a1
// 重构日志: 81c05ab9
// 重构日志: 69c16ca2
// 重构日志: ca8d7457
// 同步 ID: f517dfc8 @ Fri Aug  7 09:39:01 UTC 2026
// 重构日志: e84bf939
// 重构日志: fcd17293
// 同步 ID: 84fd3058 @ Fri Aug  7 18:20:14 UTC 2026
// 同步 ID: d15d0d59 @ Fri Aug  7 18:51:56 UTC 2026
// 重构日志: 434217cb
